[groki.lol/index.html]
[backblue.gif]
[fade.gif]
[index.html]
[groki.lol/wp-content/uploads/2023/02/cropped-rsw_1160h_1160.webp]
[groki.lol/wp-content/plugins/3r-elementor-timeline-widget/assets/css/stylee35d.css]
[groki.lol/wp-content/themes/hello-elementor/style.min5b0a.css]
[groki.lol/wp-content/themes/hello-elementor/theme.min5b0a.css]
[groki.lol/feed/index.html]
[groki.lol/comments/feed/index.html]
[groki.lol/wp-content/plugins/elementor/assets/css/frontend-lite.minb3be.css]
[groki.lol/wp-content/uploads/elementor/css/post-5e1f1.css]
[groki.lol/wp-content/plugins/elementor/assets/lib/eicons/css/elementor-icons.min7bb8.css]
[groki.lol/wp-content/plugins/elementor/assets/lib/swiper/css/swiper.min48f5.css]
[groki.lol/wp-content/plugins/elementor-pro/assets/css/frontend-lite.min5d63.css]
[groki.lol/wp-content/uploads/elementor/css/globale1f1.css]
[groki.lol/wp-content/uploads/elementor/css/post-8912807.css]
[groki.lol/wp-content/uploads/elementor/css/post-13652807.css]
[groki.lol/wp-content/uploads/elementor/css/post-13872807.css]
[groki.lol/wp-content/plugins/elementor/assets/lib/font-awesome/css/fontawesome.min52d5.css]
[groki.lol/wp-content/plugins/elementor/assets/lib/font-awesome/css/solid.min52d5.css]
[groki.lol/wp-content/plugins/elementor/assets/lib/font-awesome/css/brands.min52d5.css]
[groki.lol/wp-includes/js/jquery/jquery.min3088.js]
[groki.lol/wp-includes/js/jquery/jquery-migrate.min5589.js]
[groki.lol/wp-json/wp/v2/pages/891.json]
[groki.lol/xmlrpc.130db0.delayed]
[groki.lol/wp-json/index.html]
[groki.lol/wp-json/oembed/1.0/embedb6d7.json]
[groki.lol/wp-json/oembed/1.0/embedc7ac]
[groki.lol/wp-content/uploads/2023/02/cropped-cropped-rsw_1160h_1160-32x32.webp]
[groki.lol/wp-content/uploads/2023/02/cropped-cropped-rsw_1160h_1160-192x192.webp]
[groki.lol/wp-content/uploads/2023/02/cropped-cropped-rsw_1160h_1160-180x180.webp]
[groki.lol/wp-content/plugins/elementor-pro/assets/css/widget-nav-menu.min.css]
[groki.lol/whitepaper.pdf]
[groki.lol/wp-content/uploads/2023/09/Hedgefund.mp4]
[groki.lol/wp-content/uploads/2023/02/cropped-cropped-rsw_1160h_1160.webp]
[groki.lol/wp-content/uploads/elementor/thumbs/5805-q2jd06oon44trp2kf5yi8fc73441sh5wba1o12sl4w.png]
[groki.lol/wp-content/uploads/elementor/thumbs/download-removebg-preview-e1677073005502-q2jdgmv08qngy16ed9xgv9wlbv1ahsgskp1kdeek8w.png]
[groki.lol/wp-content/uploads/elementor/thumbs/5805-q2jd06oon45jcfqxc9b2wb4pkf6avu4vk4wyk9y9z4.png]
[groki.lol/wp-content/uploads/elementor/thumbs/download-removebg-preview-e1677073005502-q2jdgmv08qo6irurada1j5p3t63jl5frtjwuwlk934.png]
[groki.lol/wp-content/uploads/2023/02/about-img.png]
[groki.lol/wp-content/plugins/elementor/assets/css/widget-icon-box.min.css]
[groki.lol/wp-content/uploads/2023/02/road_map.png]
[groki.lol/wp-content/uploads/2023/02/mrd.png]
[groki.lol/wp-content/plugins/elementor/assets/css/widget-icon-list.min.css]
[groki.lol/wp-content/uploads/2023/02/cases-icon-6.png]
[groki.lol/wp-content/uploads/2023/02/cases-icon-2.png]
[groki.lol/wp-content/uploads/2023/02/cases-icon-3.png]
[groki.lol/wp-content/uploads/2023/02/rsw_1160h_1160-1024x1024.webp]
[groki.lol/wp-content/uploads/2023/09/ezgif-1-025023f1e3.gif]
[groki.lol/wp-content/uploads/2023/09/photo_2023-09-21_08-28-10-removebg-preview.png]
[groki.lol/wp-content/uploads/elementor/thumbs/rsw_1160h_1160-q1uiftylbosve5ow85mw2kyx499s0342aj17ouicxs.webp]
[groki.lol/wp-content/plugins/elementor/assets/lib/animations/animations.minb3be.css]
[groki.lol/wp-content/themes/hello-elementor/assets/js/hello-frontend.min8a54.js]
[groki.lol/wp-content/plugins/elementor-pro/assets/lib/smartmenus/jquery.smartmenus.minf269.js]
[groki.lol/wp-content/plugins/elementor-pro/assets/js/webpack-pro.runtime.min5d63.js]
[groki.lol/wp-content/plugins/elementor/assets/js/webpack.runtime.minb3be.js]
[groki.lol/wp-content/plugins/elementor/assets/js/frontend-modules.minb3be.js]
[groki.lol/wp-includes/js/dist/vendor/wp-polyfill-inert.min0226.js]
[groki.lol/wp-includes/js/dist/vendor/regenerator-runtime.min8fa4.js]
[groki.lol/wp-includes/js/dist/vendor/wp-polyfill.min2c7c.js]
[groki.lol/wp-includes/js/dist/hooks.min2ebd.js]
[groki.lol/wp-includes/js/dist/i18n.minf92f.js]
[groki.lol/wp-content/plugins/elementor-pro/assets/js/frontend.min5d63.js]
[groki.lol/wp-content/plugins/elementor/assets/lib/waypoints/waypoints.min05da.js]
[groki.lol/wp-includes/js/jquery/ui/core.min3f14.js]
[groki.lol/wp-content/plugins/elementor/assets/js/frontend.minb3be.js]
[groki.lol/wp-content/plugins/elementor-pro/assets/js/elements-handlers.min5d63.js]
[groki.lol/wp-content/plugins/elementor-pro/assets/lib/sticky/jquery.sticky.min5d63.js]
[groki.lol/wp-includes/js/underscore.mind584.js]
[groki.lol/wp-includes/js/wp-util.mine35d.js]
[groki.lol/wp-content/plugins/wpforms-lite/assets/js/integrations/elementor/frontend.minbf90.js]
[groki.lol/index.html]
[groki.lol/wp-content/plugins/3r-elementor-timeline-widget/assets/css/stylee35d.css]
[groki.lol/wp-content/themes/hello-elementor/style.min5b0a.css]
[groki.lol/wp-content/themes/hello-elementor/theme.min5b0a.css]
[groki.lol/wp-content/plugins/elementor/assets/css/frontend-lite.minb3be.css]
[groki.lol/wp-content/uploads/elementor/css/post-5e1f1.css]
[groki.lol/wp-content/plugins/elementor/assets/lib/eicons/fonts/eicons080a.eot]
[groki.lol/wp-content/plugins/elementor/assets/lib/eicons/fonts/eicons080a.woff2]
[groki.lol/wp-content/plugins/elementor/assets/lib/eicons/fonts/eicons080a.woff]
[groki.lol/wp-content/plugins/elementor/assets/lib/eicons/fonts/eicons080a.ttf]
[groki.lol/wp-content/plugins/elementor/assets/lib/eicons/css/elementor-icons.min7bb8.css]
[groki.lol/wp-content/plugins/elementor/assets/lib/swiper/css/swiper.min48f5.css]
[groki.lol/wp-content/plugins/elementor-pro/assets/css/frontend-lite.min5d63.css]
[groki.lol/wp-content/uploads/elementor/css/globale1f1.css]
[groki.lol/wp-content/plugins/elementor/assets/lib/eicons/fonts/eicons080a.svg]
[groki.lol/wp-content/uploads/2023/02/video-bg.png]
[groki.lol/wp-content/uploads/2023/02/about-bg.png]
[groki.lol/wp-content/uploads/2023/02/partenrs-bg.png]
[groki.lol/wp-content/uploads/2023/02/cases-bg.png]
[groki.lol/wp-content/uploads/2023/02/cases-imgs.png]
[groki.lol/wp-content/uploads/2023/02/data-bg-1.png]
[groki.lol/wp-content/uploads/2023/02/docs-bg.png]
[groki.lol/wp-content/uploads/elementor/css/post-8912807.css]
[groki.lol/wp-content/uploads/elementor/css/post-13652807.css]
[groki.lol/wp-content/uploads/elementor/css/post-13872807.css]
[groki.lol/wp-content/plugins/elementor/assets/lib/font-awesome/css/fontawesome.min52d5.css]
[groki.lol/wp-content/plugins/elementor/assets/lib/font-awesome/webfonts/fa-solid-900.eot]
[groki.lol/wp-content/plugins/elementor/assets/lib/font-awesome/webfonts/fa-solid-900d41d.eot]
[groki.lol/wp-content/plugins/elementor/assets/lib/font-awesome/webfonts/fa-solid-900.woff2]
[groki.lol/wp-content/plugins/elementor/assets/lib/font-awesome/webfonts/fa-solid-900.woff]
[groki.lol/wp-content/plugins/elementor/assets/lib/font-awesome/webfonts/fa-solid-900.ttf]
[groki.lol/wp-content/plugins/elementor/assets/lib/font-awesome/css/solid.min52d5.css]
[groki.lol/wp-content/plugins/elementor/assets/lib/font-awesome/webfonts/fa-solid-900.svg]
[groki.lol/wp-content/plugins/elementor/assets/lib/font-awesome/webfonts/fa-brands-400.eot]
[groki.lol/wp-content/plugins/elementor/assets/lib/font-awesome/webfonts/fa-brands-400d41d.eot]
[groki.lol/wp-content/plugins/elementor/assets/lib/font-awesome/webfonts/fa-brands-400.woff2]
[groki.lol/wp-content/plugins/elementor/assets/lib/font-awesome/webfonts/fa-brands-400.woff]
[groki.lol/wp-content/plugins/elementor/assets/lib/font-awesome/webfonts/fa-brands-400.ttf]
[groki.lol/wp-content/plugins/elementor/assets/lib/font-awesome/css/brands.min52d5.css]
[groki.lol/xmlrpc0db0.html]
[groki.lol/wp-content/plugins/elementor-pro/assets/css/widget-nav-menu.min.css]
[groki.lol/wp-content/plugins/elementor/assets/css/widget-icon-box.min.css]
[groki.lol/wp-content/plugins/elementor/assets/css/widget-icon-list.min.css]
[groki.lol/wp-content/plugins/elementor/assets/lib/animations/animations.minb3be.css]
[groki.lol/wp-content/plugins/elementor/assets/lib/eicons/fonts/eicons080a.svg]
[groki.lol/wp-content/plugins/elementor/assets/lib/font-awesome/webfonts/fa-solid-900.svg]
[groki.lol/wp-content/plugins/elementor/assets/lib/font-awesome/webfonts/fa-brands-400.svg]
[groki.lol/wp-content/plugins/elementor/assets/lib/font-awesome/webfonts/fa-brands-400.svg]
